# Readme test
Post list example:
<!-- BLOG-POST-LIST:START -->
- [God Mode in browsers: document.designMode = &quot;on&quot;](https://dev.to/gautamkrishnar/god-mode-in-browsers-document-designmode-on-2pmo)
<!-- BLOG-POST-LIST:END -->

# Other contents
Test content
